{"name": "x264", "description": "libx264 medium, ffmpeg version 4.4.1", "results": {"ms-ssim": 0.9845526814460754, "bitrate": 123.35, "rgb_psnr": 20.60734322049551, "y_psnr": 31.057347559713648, "u_psnr": 37.78006722905569, "v_psnr": 37.0168071029418}}