{"name": "bmshj2018-factorized-ms-ssim", "description": "Inference (entropy estimation)", "results": {"psnr": [27.710135737723686], "bpp": [0.34460410475730896], "encoding_time": [0.589616060256958], "decoding_time": [0.589616060256958]}}