{"name": "bmshj2018-factorized-mse", "description": "Inference (entropy estimation)", "results": {"psnr": [25.92663494030564], "bpp": [0.14716936647891998], "encoding_time": [0.7006961107254028], "decoding_time": [0.7006961107254028]}}