{"name": "bmshj2018-factorized-mse", "description": "Inference (entropy estimation)", "results": {"psnr": [37.29373603242085], "bpp": [1.9624892473220825], "encoding_time": [1.230018973350525], "decoding_time": [1.230018973350525]}}