{"name": "bmshj2018-factorized-mse", "description": "Inference (ans)", "results": {"psnr": [29.85132406986215], "ms-ssim": [0.976097583770752], "bpp": [0.46142578125], "encoding_time": [0.5282979011535645], "decoding_time": [0.7773380279541016]}}